// Jest Snapshot v1, https://goo.gl/fbAQLP

exports[`Server app integration test snapshot demo 1`] = `
{
  "endDate": "someEndDate",
  "id": "12345",
  "room": "someRoom",
  "startDate": "someStartDate",
  "user": "someUser",
}
`;
